[debug] [2026-09-19T08:02:40.738Z] ----------------------------------------------------------------------
[debug] [2026-09-19T08:02:40.741Z] Command:       C:\Program Files\nodejs\node.exe C:\Users\Johannes\AppData\Roaming\npm\node_modules\firebase-tools\lib\bin\firebase.js init
[debug] [2026-09-19T08:02:40.741Z] CLI Version:   15.30.2
[debug] [2026-09-19T08:02:40.741Z] Platform:      win32
[debug] [2026-09-19T08:02:40.741Z] Node Version:  v24.18.1
[debug] [2026-09-19T08:02:40.741Z] Detected Agent: unknown
[debug] [2026-09-19T08:02:40.742Z] Time:          Sat Sep 19 2026 16:02:40 GMT+0800 (Singapore Standard Time)
[debug] [2026-09-19T08:02:40.742Z] ----------------------------------------------------------------------
[debug] 
[info] 
     ######## #### ########  ######## ########     ###     ######  ########
     ##        ##  ##     ## ##       ##     ##  ##   ##  ##       ##
     ######    ##  ########  ######   ########  #########  ######  ######
     ##        ##  ##    ##  ##       ##     ## ##     ##       ## ##
     ##       #### ##     ## ######## ########  ##     ##  ######  ########

You're about to initialize a Firebase project in this directory:

  C:\Users\Johannes\TransitTogether

Before we get started, keep in mind:

  * You are initializing within an existing Firebase project directory

[info] 
=== Project Setup
[info] 
[info] First, let's associate this project directory with a Firebase project.
[info] You can create multiple project aliases by running firebase use --add, 
[info] 
[debug] [2026-09-19T08:02:44.904Z] > command requires scopes: ["email","openid","https://www.googleapis.com/auth/cloudplatformprojects.readonly","https://www.googleapis.com/auth/firebase","https://www.googleapis.com/auth/cloud-platform"]
[debug] [2026-09-19T08:02:44.905Z] > authorizing via signed-in user (student-04-407422801e58@qwiklabs.net)
[debug] [2026-09-19T08:02:44.925Z] Checked if tokens are valid: true, expires at: 1789806072555
[debug] [2026-09-19T08:02:44.925Z] Checked if tokens are valid: true, expires at: 1789806072555
[debug] [2026-09-19T08:02:44.927Z] >>> [apiv2][query] GET https://firebase.googleapis.com/v1beta1/projects/qwiklabs-gcp-02-c36381b96db3 [none]
[debug] [2026-09-19T08:02:45.581Z] <<< [apiv2][status] GET https://firebase.googleapis.com/v1beta1/projects/qwiklabs-gcp-02-c36381b96db3 404
[debug] [2026-09-19T08:02:45.581Z] <<< [apiv2][body] GET https://firebase.googleapis.com/v1beta1/projects/qwiklabs-gcp-02-c36381b96db3 {"error":{"code":404,"message":"Requested entity was not found.","status":"NOT_FOUND"}}
[debug] [2026-09-19T08:02:45.582Z] Couldn't get project info from firedata for qwiklabs-gcp-02-c36381b96db3, trying resource manager. Original error: FirebaseError: Request to https://firebase.googleapis.com/v1beta1/projects/qwiklabs-gcp-02-c36381b96db3 had HTTP Error: 404, Requested entity was not found.
[debug] [2026-09-19T08:02:45.585Z] Checked if tokens are valid: true, expires at: 1789806072555
[debug] [2026-09-19T08:02:45.585Z] Checked if tokens are valid: true, expires at: 1789806072555
[debug] [2026-09-19T08:02:45.585Z] >>> [apiv2][query] GET https://cloudresourcemanager.googleapis.com/v1/projects/qwiklabs-gcp-02-c36381b96db3 [none]
[debug] [2026-09-19T08:02:46.928Z] <<< [apiv2][status] GET https://cloudresourcemanager.googleapis.com/v1/projects/qwiklabs-gcp-02-c36381b96db3 200
[debug] [2026-09-19T08:02:46.928Z] <<< [apiv2][body] GET https://cloudresourcemanager.googleapis.com/v1/projects/qwiklabs-gcp-02-c36381b96db3 {"projectNumber":"864830736036","projectId":"qwiklabs-gcp-02-c36381b96db3","lifecycleState":"ACTIVE","name":"qwiklabs-gcp-02-c36381b96db3","labels":{"fleet":"medium_extra"},"createTime":"2026-09-15T10:35:56.690Z","parent":{"type":"folder","id":"519553078462"},"configuredCapabilities":["projects/864830736036/capabilities/app-management"],"isManagementProject":true}
[info] i  Using project qwiklabs-gcp-02-c36381b96db3 . 
[info] 
=== Dataconnect Setup
[info] i  dataconnect: ensuring required API firebasedataconnect.googleapis.com is enabled... 
[info] i  dataconnect: ensuring required API sqladmin.googleapis.com is enabled... 
[debug] [2026-09-19T08:02:46.971Z] Checked if tokens are valid: true, expires at: 1789806072555
[debug] [2026-09-19T08:02:46.971Z] Checked if tokens are valid: true, expires at: 1789806072555
[debug] [2026-09-19T08:02:46.971Z] >>> [apiv2][query] GET https://firebasedataconnect.googleapis.com/v1/projects/qwiklabs-gcp-02-c36381b96db3/locations/-/services [none]
[debug] [2026-09-19T08:02:48.993Z] <<< [apiv2][status] GET https://firebasedataconnect.googleapis.com/v1/projects/qwiklabs-gcp-02-c36381b96db3/locations/-/services 200
[debug] [2026-09-19T08:02:48.993Z] <<< [apiv2][body] GET https://firebasedataconnect.googleapis.com/v1/projects/qwiklabs-gcp-02-c36381b96db3/locations/-/services {"services":[{"name":"projects/qwiklabs-gcp-02-c36381b96db3/locations/us-central1/services/transittogether","createTime":"2026-09-19T07:53:57.178108848Z","updateTime":"2026-09-19T07:53:58.498283087Z","uid":"8b27f528-e0d1-480e-b4e9-d3212448b143","reconciling":false,"etag":"fsvSXQE_mi2MZ4xD1_mkJOR458_R0cWWMOxWM9LUe5w"}]}
[debug] [2026-09-19T08:02:55.707Z] Checked if tokens are valid: true, expires at: 1789806072555
[debug] [2026-09-19T08:02:55.707Z] Checked if tokens are valid: true, expires at: 1789806072555
[debug] [2026-09-19T08:02:55.707Z] >>> [apiv2][query] GET https://firebasedataconnect.googleapis.com/v1/projects/qwiklabs-gcp-02-c36381b96db3/locations/us-central1/services/transittogether/schemas pageSize=100&pageToken=&fields=schemas.name%2Cschemas.datasources%2Cschemas.source
[debug] [2026-09-19T08:02:57.218Z] <<< [apiv2][status] GET https://firebasedataconnect.googleapis.com/v1/projects/qwiklabs-gcp-02-c36381b96db3/locations/us-central1/services/transittogether/schemas 200
[debug] [2026-09-19T08:02:57.218Z] <<< [apiv2][body] GET https://firebasedataconnect.googleapis.com/v1/projects/qwiklabs-gcp-02-c36381b96db3/locations/us-central1/services/transittogether/schemas {"schemas":[{"name":"projects/qwiklabs-gcp-02-c36381b96db3/locations/us-central1/services/transittogether/schemas/main","source":{"files":[{"path":"schema.gql","content":"type User @table {\n  email: String!\n  displayName: String!\n  phoneNumber: String\n  avatarUrl: String\n}\n\ntype Trip @table {\n  title: String!\n  startTime: Timestamp!\n  destinationCoordinates: Vector @col(size: 2)\n  status: String\n  creator: User!\n}\n\ntype TripParticipant @table(key: [\"trip\", \"user\"]) {\n  trip: Trip!\n  user: User!\n  role: String\n}\n\ntype Route @table {\n  name: String!\n  transitMode: String!\n  scheduleDetails: String\n  lastAlertTime: Timestamp\n  user: User!\n}\n\ntype TransitAlert @table {\n  message: String!\n  severityLevel: String!\n  timestamp: Timestamp\n  route: Route\n}"}]},"datasources":[{"postgresql":{"database":"fdcdb","cloudSql":{"instance":"projects/qwiklabs-gcp-02-c36381b96db3/locations/us-central1/instances/transittogether-fdc","edition":"EDITION_ENTERPRISE"},"schemaMigration":"MIGRATE_COMPATIBLE"}}]}]}
[debug] [2026-09-19T08:02:57.219Z] Checked if tokens are valid: true, expires at: 1789806072555
[debug] [2026-09-19T08:02:57.219Z] Checked if tokens are valid: true, expires at: 1789806072555
[debug] [2026-09-19T08:02:57.219Z] >>> [apiv2][query] GET https://firebasedataconnect.googleapis.com/v1/projects/qwiklabs-gcp-02-c36381b96db3/locations/us-central1/services/transittogether/connectors pageSize=100&pageToken=&fields=connectors.name%2Cconnectors.source.files
[debug] [2026-09-19T08:02:57.527Z] <<< [apiv2][status] GET https://firebasedataconnect.googleapis.com/v1/projects/qwiklabs-gcp-02-c36381b96db3/locations/us-central1/services/transittogether/connectors 200
[debug] [2026-09-19T08:02:57.527Z] <<< [apiv2][body] GET https://firebasedataconnect.googleapis.com/v1/projects/qwiklabs-gcp-02-c36381b96db3/locations/us-central1/services/transittogether/connectors {}
[debug] [2026-09-19T08:02:57.529Z] Checked if tokens are valid: true, expires at: 1789806072555
[debug] [2026-09-19T08:02:57.529Z] Checked if tokens are valid: true, expires at: 1789806072555
[debug] [2026-09-19T08:02:57.529Z] >>> [apiv2][query] GET https://cloudbilling.googleapis.com/v1/projects/qwiklabs-gcp-02-c36381b96db3/billingInfo [none]
[debug] [2026-09-19T08:02:57.530Z] >>> [apiv2][(partial)header] GET https://cloudbilling.googleapis.com/v1/projects/qwiklabs-gcp-02-c36381b96db3/billingInfo  x-goog-user-project=qwiklabs-gcp-02-c36381b96db3
[debug] [2026-09-19T08:02:59.037Z] <<< [apiv2][status] GET https://cloudbilling.googleapis.com/v1/projects/qwiklabs-gcp-02-c36381b96db3/billingInfo 200
[debug] [2026-09-19T08:02:59.037Z] <<< [apiv2][body] GET https://cloudbilling.googleapis.com/v1/projects/qwiklabs-gcp-02-c36381b96db3/billingInfo {"name":"projects/qwiklabs-gcp-02-c36381b96db3/billingInfo","projectId":"qwiklabs-gcp-02-c36381b96db3","billingAccountName":"billingAccounts/012761-0D2F3D-499DCA","billingEnabled":true}
[debug] [2026-09-19T08:02:59.038Z] Checked if tokens are valid: true, expires at: 1789806072555
[debug] [2026-09-19T08:02:59.038Z] Checked if tokens are valid: true, expires at: 1789806072555
[debug] [2026-09-19T08:02:59.038Z] >>> [apiv2][query] GET https://monitoring.googleapis.com/v3/projects/qwiklabs-gcp-02-c36381b96db3/timeSeries/ filter=metric.type%3D%22serviceruntime.googleapis.com%2Fquota%2Fallocation%2Fusage%22+AND+metric.label.quota_metric+%3D+%22sqladmin.googleapis.com%2Ffdc_lifetime_free_trial_per_project%22&interval.endTime=2026-09-19T08%3A02%3A59.037Z&interval.startTime=2026-09-12T08%3A02%3A59.037Z
[debug] [2026-09-19T08:03:00.464Z] <<< [apiv2][status] GET https://monitoring.googleapis.com/v3/projects/qwiklabs-gcp-02-c36381b96db3/timeSeries/ 200
[debug] [2026-09-19T08:03:00.464Z] <<< [apiv2][body] GET https://monitoring.googleapis.com/v3/projects/qwiklabs-gcp-02-c36381b96db3/timeSeries/ {"timeSeries":[{"metric":{"labels":{"quota_metric":"sqladmin.googleapis.com/fdc_lifetime_free_trial_per_project"},"type":"serviceruntime.googleapis.com/quota/allocation/usage"},"resource":{"type":"consumer_quota","labels":{"service":"sqladmin.googleapis.com","project_id":"qwiklabs-gcp-02-c36381b96db3","location":"global"}},"metricKind":"GAUGE","valueType":"INT64","points":[{"interval":{"startTime":"2026-09-19T07:53:48Z","endTime":"2026-09-19T07:53:48Z"},"value":{"int64Value":"1"}}]}],"unit":"1"}
[warn] !  dataconnect: CloudSQL no cost trial has already been used on this project. 
[info] +  dataconnect: Detected existing apps . (web), functions (admin_node) 
[info] +  Wrote dataconnect\dataconnect.yaml 
[info] +  Wrote dataconnect\schema\schema.gql 
[info] +  Wrote dataconnect\example\connector.yaml 
[info] +  Wrote dataconnect\example\connector.yaml 
[info] i  dataconnect: Installing the generated SDKs ... 
[debug] [2026-09-19T08:03:14.128Z] defaultcredentials: writing to file C:\Users\Johannes\AppData\Roaming\firebase\student-04-407422801e58_qwiklabs_net_application_default_credentials.json
[error] !!  dataconnect: Failed to generate SQL Connect SDKs
Command failed with exit code 1 
[info] +  dataconnect: Installed generated SDKs for . (web) 
[info] i  Visit https://firebase.google.com/docs/data-connect/web-sdk#react for more information on how to set up React Generated SDKs for Firebase SQL Connect 
[info] 
=== Firestore Setup
[info] i  firestore: ensuring required API firestore.googleapis.com is enabled... 
[debug] [2026-09-19T08:03:14.251Z] Checked if tokens are valid: true, expires at: 1789806072555
[debug] [2026-09-19T08:03:14.251Z] Checked if tokens are valid: true, expires at: 1789806072555
[debug] [2026-09-19T08:03:14.251Z] >>> [apiv2][query] GET https://firestore.googleapis.com/v1/projects/qwiklabs-gcp-02-c36381b96db3/databases [none]
[debug] [2026-09-19T08:03:15.143Z] <<< [apiv2][status] GET https://firestore.googleapis.com/v1/projects/qwiklabs-gcp-02-c36381b96db3/databases 200
[debug] [2026-09-19T08:03:15.143Z] <<< [apiv2][body] GET https://firestore.googleapis.com/v1/projects/qwiklabs-gcp-02-c36381b96db3/databases {}
[debug] [2026-09-19T08:03:15.144Z] Checked if tokens are valid: true, expires at: 1789806072555
[debug] [2026-09-19T08:03:15.144Z] Checked if tokens are valid: true, expires at: 1789806072555
[debug] [2026-09-19T08:03:15.144Z] >>> [apiv2][query] GET https://firestore.googleapis.com/v1/projects/qwiklabs-gcp-02-c36381b96db3/locations [none]
[debug] [2026-09-19T08:03:15.514Z] <<< [apiv2][status] GET https://firestore.googleapis.com/v1/projects/qwiklabs-gcp-02-c36381b96db3/locations 200
[debug] [2026-09-19T08:03:15.515Z] <<< [apiv2][body] GET https://firestore.googleapis.com/v1/projects/qwiklabs-gcp-02-c36381b96db3/locations {"locations":[{"name":"projects/qwiklabs-gcp-02-c36381b96db3/locations/eur3","labels":{"appengine.googleapis.com/geo":"europe-west","cloud.googleapis.com/location":"eur3","cloud.googleapis.com/geo":"eur3"},"metadata":{"@type":"type.googleapis.com/google.firestore.admin.v1.LocationMetadata"},"locationId":"eur3","displayName":"Europe"},{"name":"projects/qwiklabs-gcp-02-c36381b96db3/locations/nam5","labels":{"appengine.googleapis.com/geo":"us-central","cloud.googleapis.com/location":"nam5","cloud.googleapis.com/geo":"nam5"},"metadata":{"@type":"type.googleapis.com/google.firestore.admin.v1.LocationMetadata"},"locationId":"nam5","displayName":"United States"},{"name":"projects/qwiklabs-gcp-02-c36381b96db3/locations/nam7","labels":{"cloud.googleapis.com/location":"nam7","cloud.googleapis.com/geo":"nam7"},"metadata":{"@type":"type.googleapis.com/google.firestore.admin.v1.LocationMetadata"},"locationId":"nam7","displayName":"United States"},{"name":"projects/qwiklabs-gcp-02-c36381b96db3/locations/africa-south1","labels":{"cloud.googleapis.com/location":"africa-south1","cloud.googleapis.com/region":"africa-south1"},"metadata":{"@type":"type.googleapis.com/google.firestore.admin.v1.LocationMetadata"},"locationId":"africa-south1","displayName":"Johannesburg"},{"name":"projects/qwiklabs-gcp-02-c36381b96db3/locations/asia-east1","labels":{"appengine.googleapis.com/region":"asia-east1","cloud.googleapis.com/location":"asia-east1","cloud.googleapis.com/region":"asia-east1"},"metadata":{"@type":"type.googleapis.com/google.firestore.admin.v1.LocationMetadata"},"locationId":"asia-east1","displayName":"Taiwan"},{"name":"projects/qwiklabs-gcp-02-c36381b96db3/locations/asia-east2","labels":{"appengine.googleapis.com/region":"asia-east2","cloud.googleapis.com/location":"asia-east2","cloud.googleapis.com/region":"asia-east2"},"metadata":{"@type":"type.googleapis.com/google.firestore.admin.v1.LocationMetadata"},"locationId":"asia-east2","displayName":"Hong Kong"},{"name":"projects/qwiklabs-gcp-02-c36381b96db3/locations/asia-northeast1","labels":{"appengine.googleapis.com/region":"asia-northeast1","cloud.googleapis.com/location":"asia-northeast1","cloud.googleapis.com/region":"asia-northeast1"},"metadata":{"@type":"type.googleapis.com/google.firestore.admin.v1.LocationMetadata"},"locationId":"asia-northeast1","displayName":"Tokyo"},{"name":"projects/qwiklabs-gcp-02-c36381b96db3/locations/asia-northeast2","labels":{"appengine.googleapis.com/region":"asia-northeast2","cloud.googleapis.com/location":"asia-northeast2","cloud.googleapis.com/region":"asia-northeast2"},"metadata":{"@type":"type.googleapis.com/google.firestore.admin.v1.LocationMetadata"},"locationId":"asia-northeast2","displayName":"Osaka"},{"name":"projects/qwiklabs-gcp-02-c36381b96db3/locations/asia-northeast3","labels":{"appengine.googleapis.com/region":"asia-northeast3","cloud.googleapis.com/location":"asia-northeast3","cloud.googleapis.com/region":"asia-northeast3"},"metadata":{"@type":"type.googleapis.com/google.firestore.admin.v1.LocationMetadata"},"locationId":"asia-northeast3","displayName":"Seoul"},{"name":"projects/qwiklabs-gcp-02-c36381b96db3/locations/asia-south1","labels":{"appengine.googleapis.com/region":"asia-south1","cloud.googleapis.com/location":"asia-south1","cloud.googleapis.com/region":"asia-south1"},"metadata":{"@type":"type.googleapis.com/google.firestore.admin.v1.LocationMetadata"},"locationId":"asia-south1","displayName":"Mumbai"},{"name":"projects/qwiklabs-gcp-02-c36381b96db3/locations/asia-south2","labels":{"cloud.googleapis.com/location":"asia-south2","cloud.googleapis.com/region":"asia-south2"},"metadata":{"@type":"type.googleapis.com/google.firestore.admin.v1.LocationMetadata"},"locationId":"asia-south2","displayName":"Delhi"},{"name":"projects/qwiklabs-gcp-02-c36381b96db3/locations/asia-southeast1","labels":{"appengine.googleapis.com/region":"asia-southeast1","cloud.googleapis.com/location":"asia-southeast1","cloud.googleapis.com/region":"asia-southeast1"},"metadata":{"@type":"type.googleapis.com/google.firestore.admin.v1.LocationMetadata"},"locationId":"asia-southeast1","displayName":"Singapore"},{"name":"projects/qwiklabs-gcp-02-c36381b96db3/locations/asia-southeast2","labels":{"appengine.googleapis.com/region":"asia-southeast2","cloud.googleapis.com/location":"asia-southeast2","cloud.googleapis.com/region":"asia-southeast2"},"metadata":{"@type":"type.googleapis.com/google.firestore.admin.v1.LocationMetadata"},"locationId":"asia-southeast2","displayName":"Jakarta"},{"name":"projects/qwiklabs-gcp-02-c36381b96db3/locations/asia-southeast3","labels":{"cloud.googleapis.com/location":"asia-southeast3","cloud.googleapis.com/region":"asia-southeast3"},"metadata":{"@type":"type.googleapis.com/google.firestore.admin.v1.LocationMetadata"},"locationId":"asia-southeast3","displayName":"Bangkok"},{"name":"projects/qwiklabs-gcp-02-c36381b96db3/locations/australia-southeast1","labels":{"appengine.googleapis.com/region":"australia-southeast1","cloud.googleapis.com/location":"australia-southeast1","cloud.googleapis.com/region":"australia-southeast1"},"metadata":{"@type":"type.googleapis.com/google.firestore.admin.v1.LocationMetadata"},"locationId":"australia-southeast1","displayName":"Sydney"},{"name":"projects/qwiklabs-gcp-02-c36381b96db3/locations/australia-southeast2","labels":{"cloud.googleapis.com/location":"australia-southeast2","cloud.googleapis.com/region":"australia-southeast2"},"metadata":{"@type":"type.googleapis.com/google.firestore.admin.v1.LocationMetadata"},"locationId":"australia-southeast2","displayName":"Melbourne"},{"name":"projects/qwiklabs-gcp-02-c36381b96db3/locations/europe-central2","labels":{"appengine.googleapis.com/region":"europe-central2","cloud.googleapis.com/location":"europe-central2","cloud.googleapis.com/region":"europe-central2"},"metadata":{"@type":"type.googleapis.com/google.firestore.admin.v1.LocationMetadata"},"locationId":"europe-central2","displayName":"Warsaw"},{"name":"projects/qwiklabs-gcp-02-c36381b96db3/locations/europe-north1","labels":{"cloud.googleapis.com/location":"europe-north1","cloud.googleapis.com/region":"europe-north1"},"metadata":{"@type":"type.googleapis.com/google.firestore.admin.v1.LocationMetadata"},"locationId":"europe-north1","displayName":"Finland"},{"name":"projects/qwiklabs-gcp-02-c36381b96db3/locations/europe-north2","labels":{"cloud.googleapis.com/location":"europe-north2","cloud.googleapis.com/region":"europe-north2"},"metadata":{"@type":"type.googleapis.com/google.firestore.admin.v1.LocationMetadata"},"locationId":"europe-north2","displayName":"Stockholm"},{"name":"projects/qwiklabs-gcp-02-c36381b96db3/locations/europe-southwest1","labels":{"cloud.googleapis.com/location":"europe-southwest1","cloud.googleapis.com/region":"europe-southwest1"},"metadata":{"@type":"type.googleapis.com/google.firestore.admin.v1.LocationMetadata"},"locationId":"europe-southwest1","displayName":"Madrid"},{"name":"projects/qwiklabs-gcp-02-c36381b96db3/locations/europe-west1","labels":{"cloud.googleapis.com/location":"europe-west1","cloud.googleapis.com/region":"europe-west1"},"metadata":{"@type":"type.googleapis.com/google.firestore.admin.v1.LocationMetadata"},"locationId":"europe-west1","displayName":"Belgium"},{"name":"projects/qwiklabs-gcp-02-c36381b96db3/locations/europe-west10","labels":{"cloud.googleapis.com/location":"europe-west10","cloud.googleapis.com/region":"europe-west10"},"metadata":{"@type":"type.googleapis.com/google.firestore.admin.v1.LocationMetadata"},"locationId":"europe-west10","displayName":"Berlin"},{"name":"projects/qwiklabs-gcp-02-c36381b96db3/locations/europe-west12","labels":{"cloud.googleapis.com/location":"europe-west12","cloud.googleapis.com/region":"europe-west12"},"metadata":{"@type":"type.googleapis.com/google.firestore.admin.v1.LocationMetadata"},"locationId":"europe-west12","displayName":"Turin"},{"name":"projects/qwiklabs-gcp-02-c36381b96db3/locations/europe-west2","labels":{"appengine.googleapis.com/region":"europe-west2","cloud.googleapis.com/location":"europe-west2","cloud.googleapis.com/region":"europe-west2"},"metadata":{"@type":"type.googleapis.com/google.firestore.admin.v1.LocationMetadata"},"locationId":"europe-west2","displayName":"London"},{"name":"projects/qwiklabs-gcp-02-c36381b96db3/locations/europe-west3","labels":{"appengine.googleapis.com/region":"europe-west3","cloud.googleapis.com/location":"europe-west3","cloud.googleapis.com/region":"europe-west3"},"metadata":{"@type":"type.googleapis.com/google.firestore.admin.v1.LocationMetadata"},"locationId":"europe-west3","displayName":"Frankfurt"},{"name":"projects/qwiklabs-gcp-02-c36381b96db3/locations/europe-west4","labels":{"cloud.googleapis.com/location":"europe-west4","cloud.googleapis.com/region":"europe-west4"},"metadata":{"@type":"type.googleapis.com/google.firestore.admin.v1.LocationMetadata"},"locationId":"europe-west4","displayName":"Netherlands"},{"name":"projects/qwiklabs-gcp-02-c36381b96db3/locations/europe-west6","labels":{"appengine.googleapis.com/region":"europe-west6","cloud.googleapis.com/location":"europe-west6","cloud.googleapis.com/region":"europe-west6"},"metadata":{"@type":"type.googleapis.com/google.firestore.admin.v1.LocationMetadata"},"locationId":"europe-west6","displayName":"Zurich"},{"name":"projects/qwiklabs-gcp-02-c36381b96db3/locations/europe-west8","labels":{"cloud.googleapis.com/location":"europe-west8","cloud.googleapis.com/region":"europe-west8"},"metadata":{"@type":"type.googleapis.com/google.firestore.admin.v1.LocationMetadata"},"locationId":"europe-west8","displayName":"Milan"},{"name":"projects/qwiklabs-gcp-02-c36381b96db3/locations/europe-west9","labels":{"cloud.googleapis.com/location":"europe-west9","cloud.googleapis.com/region":"europe-west9"},"metadata":{"@type":"type.googleapis.com/google.firestore.admin.v1.LocationMetadata"},"locationId":"europe-west9","displayName":"Paris"},{"name":"projects/qwiklabs-gcp-02-c36381b96db3/locations/me-central1","labels":{"cloud.googleapis.com/location":"me-central1","cloud.googleapis.com/region":"me-central1"},"metadata":{"@type":"type.googleapis.com/google.firestore.admin.v1.LocationMetadata"},"locationId":"me-central1","displayName":"Doha"},{"name":"projects/qwiklabs-gcp-02-c36381b96db3/locations/me-central2","labels":{"cloud.googleapis.com/location":"me-central2","cloud.googleapis.com/region":"me-central2"},"metadata":{"@type":"type.googleapis.com/google.firestore.admin.v1.LocationMetadata"},"locationId":"me-central2","displayName":"Dammam"},{"name":"projects/qwiklabs-gcp-02-c36381b96db3/locations/me-west1","labels":{"cloud.googleapis.com/location":"me-west1","cloud.googleapis.com/region":"me-west1"},"metadata":{"@type":"type.googleapis.com/google.firestore.admin.v1.LocationMetadata"},"locationId":"me-west1","displayName":"Tel Aviv"},{"name":"projects/qwiklabs-gcp-02-c36381b96db3/locations/northamerica-northeast1","labels":{"appengine.googleapis.com/region":"northamerica-northeast1","cloud.googleapis.com/location":"northamerica-northeast1","cloud.googleapis.com/region":"northamerica-northeast1"},"metadata":{"@type":"type.googleapis.com/google.firestore.admin.v1.LocationMetadata"},"locationId":"northamerica-northeast1","displayName":"Montréal"},{"name":"projects/qwiklabs-gcp-02-c36381b96db3/locations/northamerica-northeast2","labels":{"cloud.googleapis.com/location":"northamerica-northeast2","cloud.googleapis.com/region":"northamerica-northeast2"},"metadata":{"@type":"type.googleapis.com/google.firestore.admin.v1.LocationMetadata"},"locationId":"northamerica-northeast2","displayName":"Toronto"},{"name":"projects/qwiklabs-gcp-02-c36381b96db3/locations/northamerica-south1","labels":{"cloud.googleapis.com/location":"northamerica-south1","cloud.googleapis.com/region":"northamerica-south1"},"metadata":{"@type":"type.googleapis.com/google.firestore.admin.v1.LocationMetadata"},"locationId":"northamerica-south1","displayName":"Mexico"},{"name":"projects/qwiklabs-gcp-02-c36381b96db3/locations/southamerica-east1","labels":{"appengine.googleapis.com/region":"southamerica-east1","cloud.googleapis.com/location":"southamerica-east1","cloud.googleapis.com/region":"southamerica-east1"},"metadata":{"@type":"type.googleapis.com/google.firestore.admin.v1.LocationMetadata"},"locationId":"southamerica-east1","displayName":"São Paulo"},{"name":"projects/qwiklabs-gcp-02-c36381b96db3/locations/southamerica-west1","labels":{"cloud.googleapis.com/location":"southamerica-west1","cloud.googleapis.com/region":"southamerica-west1"},"metadata":{"@type":"type.googleapis.com/google.firestore.admin.v1.LocationMetadata"},"locationId":"southamerica-west1","displayName":"Santiago"},{"name":"projects/qwiklabs-gcp-02-c36381b96db3/locations/us-central1","labels":{"cloud.googleapis.com/location":"us-central1","cloud.googleapis.com/region":"us-central1"},"metadata":{"@type":"type.googleapis.com/google.firestore.admin.v1.LocationMetadata"},"locationId":"us-central1","displayName":"Iowa"},{"name":"projects/qwiklabs-gcp-02-c36381b96db3/locations/us-east1","labels":{"appengine.googleapis.com/region":"us-east1","cloud.googleapis.com/location":"us-east1","cloud.googleapis.com/region":"us-east1"},"metadata":{"@type":"type.googleapis.com/google.firestore.admin.v1.LocationMetadata"},"locationId":"us-east1","displayName":"South Carolina"},{"name":"projects/qwiklabs-gcp-02-c36381b96db3/locations/us-east4","labels":{"appengine.googleapis.com/region":"us-east4","cloud.googleapis.com/location":"us-east4","cloud.googleapis.com/region":"us-east4"},"metadata":{"@type":"type.googleapis.com/google.firestore.admin.v1.LocationMetadata"},"locationId":"us-east4","displayName":"Northern Virginia"},{"name":"projects/qwiklabs-gcp-02-c36381b96db3/locations/us-east5","labels":{"cloud.googleapis.com/location":"us-east5","cloud.googleapis.com/region":"us-east5"},"metadata":{"@type":"type.googleapis.com/google.firestore.admin.v1.LocationMetadata"},"locationId":"us-east5","displayName":"Columbus"},{"name":"projects/qwiklabs-gcp-02-c36381b96db3/locations/us-south1","labels":{"cloud.googleapis.com/location":"us-south1","cloud.googleapis.com/region":"us-south1"},"metadata":{"@type":"type.googleapis.com/google.firestore.admin.v1.LocationMetadata"},"locationId":"us-south1","displayName":"Dallas"},{"name":"projects/qwiklabs-gcp-02-c36381b96db3/locations/us-west1","labels":{"appengine.googleapis.com/region":"us-west1","cloud.googleapis.com/location":"us-west1","cloud.googleapis.com/region":"us-west1"},"metadata":{"@type":"type.googleapis.com/google.firestore.admin.v1.LocationMetadata"},"locationId":"us-west1","displayName":"Oregon"},{"name":"projects/qwiklabs-gcp-02-c36381b96db3/locations/us-west2","labels":{"appengine.googleapis.com/region":"us-west2","cloud.googleapis.com/location":"us-west2","cloud.googleapis.com/region":"us-west2"},"metadata":{"@type":"type.googleapis.com/google.firestore.admin.v1.LocationMetadata"},"locationId":"us-west2","displayName":"Los Angeles"},{"name":"projects/qwiklabs-gcp-02-c36381b96db3/locations/us-west3","labels":{"appengine.googleapis.com/region":"us-west3","cloud.googleapis.com/location":"us-west3","cloud.googleapis.com/region":"us-west3"},"metadata":{"@type":"type.googleapis.com/google.firestore.admin.v1.LocationMetadata"},"locationId":"us-west3","displayName":"Salt Lake City"},{"name":"projects/qwiklabs-gcp-02-c36381b96db3/locations/us-west4","labels":{"appengine.googleapis.com/region":"us-west4","cloud.googleapis.com/location":"us-west4","cloud.googleapis.com/region":"us-west4"},"metadata":{"@type":"type.googleapis.com/google.firestore.admin.v1.LocationMetadata"},"locationId":"us-west4","displayName":"Las Vegas"},{"name":"projects/qwiklabs-gcp-02-c36381b96db3/locations/us-west8","labels":{"cloud.googleapis.com/location":"us-west8","cloud.googleapis.com/region":"us-west8"},"metadata":{"@type":"type.googleapis.com/google.firestore.admin.v1.LocationMetadata"},"locationId":"us-west8","displayName":"Phoenix"}]}
[info] 
[info] Firestore Security Rules allow you to define how and when to allow
[info] requests. You can keep these rules in your project directory
[info] and publish them with firebase deploy.
[info] 
[debug] [2026-09-19T08:03:25.414Z] Checked if tokens are valid: true, expires at: 1789806072555
[debug] [2026-09-19T08:03:25.415Z] Checked if tokens are valid: true, expires at: 1789806072555
[debug] [2026-09-19T08:03:25.415Z] >>> [apiv2][query] GET https://firebaserules.googleapis.com/v1/projects/qwiklabs-gcp-02-c36381b96db3/releases pageSize=10&pageToken=
[debug] [2026-09-19T08:03:27.219Z] <<< [apiv2][status] GET https://firebaserules.googleapis.com/v1/projects/qwiklabs-gcp-02-c36381b96db3/releases 200
[debug] [2026-09-19T08:03:27.220Z] <<< [apiv2][body] GET https://firebaserules.googleapis.com/v1/projects/qwiklabs-gcp-02-c36381b96db3/releases {}
[info] i  firestore.rules is unchanged 
[info] 
[info] Firestore indexes allow you to perform complex queries while
[info] maintaining performance that scales with the size of the result
[info] set. You can keep index definitions in your project directory
[info] and publish them with firebase deploy.
[info] 
[debug] [2026-09-19T08:03:27.230Z] Checked if tokens are valid: true, expires at: 1789806072555
[debug] [2026-09-19T08:03:27.231Z] Checked if tokens are valid: true, expires at: 1789806072555
[debug] [2026-09-19T08:03:27.231Z] Checked if tokens are valid: true, expires at: 1789806072555
[debug] [2026-09-19T08:03:27.231Z] Checked if tokens are valid: true, expires at: 1789806072555
[debug] [2026-09-19T08:03:27.231Z] >>> [apiv2][query] GET https://firestore.googleapis.com/v1/projects/qwiklabs-gcp-02-c36381b96db3/databases/(default)/collectionGroups/-/indexes [none]
[debug] [2026-09-19T08:03:27.233Z] >>> [apiv2][query] GET https://firestore.googleapis.com/v1/projects/qwiklabs-gcp-02-c36381b96db3/databases/(default)/collectionGroups/-/fields?filter=indexConfig.usesAncestorConfig=false OR ttlConfig:* [none]
[debug] [2026-09-19T08:03:29.072Z] <<< [apiv2][status] GET https://firestore.googleapis.com/v1/projects/qwiklabs-gcp-02-c36381b96db3/databases/(default)/collectionGroups/-/indexes 404
[debug] [2026-09-19T08:03:29.072Z] <<< [apiv2][body] GET https://firestore.googleapis.com/v1/projects/qwiklabs-gcp-02-c36381b96db3/databases/(default)/collectionGroups/-/indexes {"error":{"code":404,"message":"Project 'qwiklabs-gcp-02-c36381b96db3' or database '(default)' does not exist.","status":"NOT_FOUND"}}
[info] i  firestore.indexes.json is unchanged 
[info] 
=== Genkit Setup
[debug] [2026-09-19T08:03:29.285Z] <<< [apiv2][status] GET https://firestore.googleapis.com/v1/projects/qwiklabs-gcp-02-c36381b96db3/databases/(default)/collectionGroups/-/fields?filter=indexConfig.usesAncestorConfig=false OR ttlConfig:* 404
[debug] [2026-09-19T08:03:29.285Z] <<< [apiv2][body] GET https://firestore.googleapis.com/v1/projects/qwiklabs-gcp-02-c36381b96db3/databases/(default)/collectionGroups/-/fields?filter=indexConfig.usesAncestorConfig=false OR ttlConfig:* {"error":{"code":404,"message":"Requested database was not found.","status":"NOT_FOUND"}}
[debug] [2026-09-19T08:03:45.115Z] > command requires scopes: ["email","openid","https://www.googleapis.com/auth/cloudplatformprojects.readonly","https://www.googleapis.com/auth/firebase","https://www.googleapis.com/auth/cloud-platform"]
[debug] [2026-09-19T08:03:45.116Z] > authorizing via signed-in user (student-04-407422801e58@qwiklabs.net)
[debug] [2026-09-19T08:03:45.116Z] [iam] checking project qwiklabs-gcp-02-c36381b96db3 for permissions ["firebase.projects.get"]
[debug] [2026-09-19T08:03:45.116Z] Checked if tokens are valid: true, expires at: 1789806072555
[debug] [2026-09-19T08:03:45.116Z] Checked if tokens are valid: true, expires at: 1789806072555
[debug] [2026-09-19T08:03:45.116Z] >>> [apiv2][query] POST https://cloudresourcemanager.googleapis.com/v1/projects/qwiklabs-gcp-02-c36381b96db3:testIamPermissions [none]
[debug] [2026-09-19T08:03:45.116Z] >>> [apiv2][(partial)header] POST https://cloudresourcemanager.googleapis.com/v1/projects/qwiklabs-gcp-02-c36381b96db3:testIamPermissions  x-goog-user-project=qwiklabs-gcp-02-c36381b96db3
[debug] [2026-09-19T08:03:45.117Z] >>> [apiv2][body] POST https://cloudresourcemanager.googleapis.com/v1/projects/qwiklabs-gcp-02-c36381b96db3:testIamPermissions {"permissions":["firebase.projects.get"]}
[debug] [2026-09-19T08:03:46.578Z] <<< [apiv2][status] POST https://cloudresourcemanager.googleapis.com/v1/projects/qwiklabs-gcp-02-c36381b96db3:testIamPermissions 200
[debug] [2026-09-19T08:03:46.578Z] <<< [apiv2][body] POST https://cloudresourcemanager.googleapis.com/v1/projects/qwiklabs-gcp-02-c36381b96db3:testIamPermissions {"permissions":["firebase.projects.get"]}
[info] Let's create a new codebase for your functions.
[info] A directory corresponding to the codebase will be created in your project
[info] with sample code pre-configured.

[info] See https://firebase.google.com/docs/functions/organize-functions for
[info] more information on organizing your functions using codebases.

[info] Functions can be deployed with firebase deploy.

[info] i  functions/.eslintrc.js is unchanged 
[info] i  functions/tsconfig.dev.json is unchanged 
[info] i  functions/package.json is unchanged 
[info] i  functions/tsconfig.json is unchanged 
[info] i  functions/src/index.ts is unchanged 
[info] i  functions/.gitignore is unchanged 
[info] 
[info] i  genkit: Installing Genkit CLI version 1.43.0
 
[info] i  aiplatform: ensuring required API aiplatform.googleapis.com is enabled... 
[info] i  genkit: Installing NPM packages for genkit 
[info] +  genkit: Successfully installed NPM packages 
[info] i  genkit: Updating tsconfig.json 
[info] +  genkit: Successfully updated tsconfig.json 
[info] i  genkit: Updating package.json 
[info] +  genkit: Successfully updated package.json 
[info] 
[info] 
Login to Google Cloud using:
[info]     gcloud auth application-default login --project qwiklabs-gcp-02-c36381b96db3

[info] Then start the Genkit developer experience by running:
[info]     cd functions && npm run genkit:start
[info] 
=== Functions Setup
[debug] [2026-09-19T08:04:56.560Z] > command requires scopes: ["email","openid","https://www.googleapis.com/auth/cloudplatformprojects.readonly","https://www.googleapis.com/auth/firebase","https://www.googleapis.com/auth/cloud-platform"]
[debug] [2026-09-19T08:04:56.560Z] > authorizing via signed-in user (student-04-407422801e58@qwiklabs.net)
[debug] [2026-09-19T08:04:56.561Z] [iam] checking project qwiklabs-gcp-02-c36381b96db3 for permissions ["firebase.projects.get"]
[debug] [2026-09-19T08:04:56.561Z] Checked if tokens are valid: true, expires at: 1789806072555
[debug] [2026-09-19T08:04:56.561Z] Checked if tokens are valid: true, expires at: 1789806072555
[debug] [2026-09-19T08:04:56.562Z] >>> [apiv2][query] POST https://cloudresourcemanager.googleapis.com/v1/projects/qwiklabs-gcp-02-c36381b96db3:testIamPermissions [none]
[debug] [2026-09-19T08:04:56.562Z] >>> [apiv2][(partial)header] POST https://cloudresourcemanager.googleapis.com/v1/projects/qwiklabs-gcp-02-c36381b96db3:testIamPermissions  x-goog-user-project=qwiklabs-gcp-02-c36381b96db3
[debug] [2026-09-19T08:04:56.562Z] >>> [apiv2][body] POST https://cloudresourcemanager.googleapis.com/v1/projects/qwiklabs-gcp-02-c36381b96db3:testIamPermissions {"permissions":["firebase.projects.get"]}
[debug] [2026-09-19T08:04:58.024Z] <<< [apiv2][status] POST https://cloudresourcemanager.googleapis.com/v1/projects/qwiklabs-gcp-02-c36381b96db3:testIamPermissions 200
[debug] [2026-09-19T08:04:58.024Z] <<< [apiv2][body] POST https://cloudresourcemanager.googleapis.com/v1/projects/qwiklabs-gcp-02-c36381b96db3:testIamPermissions {"permissions":["firebase.projects.get"]}
[info] 
Detected existing codebase(s): default

[info] 
Overwriting codebase default...

[info] i  functions/.eslintrc.js is unchanged 
[info] i  functions/tsconfig.dev.json is unchanged 
[info] +  Wrote functions/package.json 
[info] +  Wrote functions/tsconfig.json 
[info] i  functions/src/index.ts is unchanged 
[info] i  functions/.gitignore is unchanged 
[info] 
=== App Hosting Setup
[debug] [2026-09-19T08:05:14.130Z] Checked if tokens are valid: true, expires at: 1789806072555
[debug] [2026-09-19T08:05:14.130Z] Checked if tokens are valid: true, expires at: 1789806072555
[debug] [2026-09-19T08:05:14.130Z] >>> [apiv2][query] POST https://iam.googleapis.com/v1/projects/qwiklabs-gcp-02-c36381b96db3/serviceAccounts/firebase-app-hosting-compute@qwiklabs-gcp-02-c36381b96db3.iam.gserviceaccount.com:testIamPermissions [none]
[debug] [2026-09-19T08:05:14.130Z] >>> [apiv2][(partial)header] POST https://iam.googleapis.com/v1/projects/qwiklabs-gcp-02-c36381b96db3/serviceAccounts/firebase-app-hosting-compute@qwiklabs-gcp-02-c36381b96db3.iam.gserviceaccount.com:testIamPermissions  x-goog-user-project=qwiklabs-gcp-02-c36381b96db3
[debug] [2026-09-19T08:05:14.130Z] >>> [apiv2][body] POST https://iam.googleapis.com/v1/projects/qwiklabs-gcp-02-c36381b96db3/serviceAccounts/firebase-app-hosting-compute@qwiklabs-gcp-02-c36381b96db3.iam.gserviceaccount.com:testIamPermissions {"permissions":["iam.serviceAccounts.actAs"]}
[debug] [2026-09-19T08:05:15.530Z] <<< [apiv2][status] POST https://iam.googleapis.com/v1/projects/qwiklabs-gcp-02-c36381b96db3/serviceAccounts/firebase-app-hosting-compute@qwiklabs-gcp-02-c36381b96db3.iam.gserviceaccount.com:testIamPermissions 200
[debug] [2026-09-19T08:05:15.530Z] <<< [apiv2][body] POST https://iam.googleapis.com/v1/projects/qwiklabs-gcp-02-c36381b96db3/serviceAccounts/firebase-app-hosting-compute@qwiklabs-gcp-02-c36381b96db3.iam.gserviceaccount.com:testIamPermissions {"permissions":["iam.serviceAccounts.actAs"]}
[debug] [2026-09-19T08:05:15.531Z] Checked if tokens are valid: true, expires at: 1789806072555
[debug] [2026-09-19T08:05:15.531Z] Checked if tokens are valid: true, expires at: 1789806072555
[debug] [2026-09-19T08:05:15.531Z] >>> [apiv2][query] GET https://iam.googleapis.com/v1/projects/qwiklabs-gcp-02-c36381b96db3/serviceAccounts/firebase-app-hosting-compute@qwiklabs-gcp-02-c36381b96db3.iam.gserviceaccount.com [none]
[debug] [2026-09-19T08:05:16.780Z] <<< [apiv2][status] GET https://iam.googleapis.com/v1/projects/qwiklabs-gcp-02-c36381b96db3/serviceAccounts/firebase-app-hosting-compute@qwiklabs-gcp-02-c36381b96db3.iam.gserviceaccount.com 200
[debug] [2026-09-19T08:05:16.780Z] <<< [apiv2][body] GET https://iam.googleapis.com/v1/projects/qwiklabs-gcp-02-c36381b96db3/serviceAccounts/firebase-app-hosting-compute@qwiklabs-gcp-02-c36381b96db3.iam.gserviceaccount.com {"name":"projects/qwiklabs-gcp-02-c36381b96db3/serviceAccounts/firebase-app-hosting-compute@qwiklabs-gcp-02-c36381b96db3.iam.gserviceaccount.com","projectId":"qwiklabs-gcp-02-c36381b96db3","uniqueId":"105673724217707608454","email":"firebase-app-hosting-compute@qwiklabs-gcp-02-c36381b96db3.iam.gserviceaccount.com","displayName":"Firebase App Hosting compute service account","etag":"MDEwMjE5MjA=","description":"Default service account used to run builds and deploys for Firebase App Hosting","oauth2ClientId":"105673724217707608454"}
[debug] [2026-09-19T08:05:16.781Z] Checked if tokens are valid: true, expires at: 1789806072555
[debug] [2026-09-19T08:05:16.781Z] Checked if tokens are valid: true, expires at: 1789806072555
[debug] [2026-09-19T08:05:16.781Z] >>> [apiv2][query] POST https://cloudresourcemanager.googleapis.com/v1/projects/qwiklabs-gcp-02-c36381b96db3:getIamPolicy [none]
[debug] [2026-09-19T08:05:18.254Z] <<< [apiv2][status] POST https://cloudresourcemanager.googleapis.com/v1/projects/qwiklabs-gcp-02-c36381b96db3:getIamPolicy 200
[debug] [2026-09-19T08:05:18.254Z] <<< [apiv2][body] POST https://cloudresourcemanager.googleapis.com/v1/projects/qwiklabs-gcp-02-c36381b96db3:getIamPolicy {"version":1,"etag":"BwZb0WwvQEA=","bindings":[{"role":"roles/bigquery.admin","members":["serviceAccount:qwiklabs-gcp-02-c36381b96db3@qwiklabs-gcp-02-c36381b96db3.iam.gserviceaccount.com"]},{"role":"roles/cloudaicompanion.serviceAgent","members":["serviceAccount:service-864830736036@gcp-sa-cloudaicompanion.iam.gserviceaccount.com"]},{"role":"roles/cloudbuild.builds.builder","members":["serviceAccount:864830736036@cloudbuild.gserviceaccount.com"]},{"role":"roles/cloudbuild.serviceAgent","members":["serviceAccount:service-864830736036@gcp-sa-cloudbuild.iam.gserviceaccount.com"]},{"role":"roles/compute.admin","members":["user:student-04-ff9fb5ec085c@qwiklabs.net"]},{"role":"roles/compute.instanceGroupManagerServiceAgent","members":["serviceAccount:864830736036@cloudservices.gserviceaccount.com"]},{"role":"roles/compute.serviceAgent","members":["serviceAccount:service-864830736036@compute-system.iam.gserviceaccount.com"]},{"role":"roles/container.serviceAgent","members":["serviceAccount:service-864830736036@container-engine-robot.iam.gserviceaccount.com"]},{"role":"roles/designcenter.serviceAgent","members":["serviceAccount:service-864830736036@gcp-sa-designcenter.iam.gserviceaccount.com"]},{"role":"roles/developerconnect.readTokenAccessor","members":["serviceAccount:firebase-app-hosting-compute@qwiklabs-gcp-02-c36381b96db3.iam.gserviceaccount.com"]},{"role":"roles/editor","members":["serviceAccount:864830736036-compute@developer.gserviceaccount.com","serviceAccount:864830736036@cloudservices.gserviceaccount.com"]},{"role":"roles/file.serviceAgent","members":["serviceAccount:service-864830736036@cloud-filer.iam.gserviceaccount.com"]},{"role":"roles/firebase.managementServiceAgent","members":["serviceAccount:service-864830736036@gcp-sa-firebase.iam.gserviceaccount.com"]},{"role":"roles/firebase.sdkAdminServiceAgent","members":["serviceAccount:firebase-app-hosting-compute@qwiklabs-gcp-02-c36381b96db3.iam.gserviceaccount.com"]},{"role":"roles/firebaseapphosting.computeRunner","members":["serviceAccount:firebase-app-hosting-compute@qwiklabs-gcp-02-c36381b96db3.iam.gserviceaccount.com"]},{"role":"roles/firebasedataconnect.serviceAgent","members":["serviceAccount:service-864830736036@gcp-sa-firebasedataconnect.iam.gserviceaccount.com"]},{"role":"roles/iam.serviceAccountTokenCreator","members":["serviceAccount:lfs-automation@labs-for-sales-automation.iam.gserviceaccount.com"]},{"role":"roles/iam.serviceAccountUser","members":["serviceAccount:lfs-automation@labs-for-sales-automation.iam.gserviceaccount.com","user:student-04-ff9fb5ec085c@qwiklabs.net"]},{"role":"roles/notebooks.serviceAgent","members":["serviceAccount:service-864830736036@gcp-sa-notebooks.iam.gserviceaccount.com"]},{"role":"roles/owner","members":["serviceAccount:864830736036-compute@developer.gserviceaccount.com","serviceAccount:admiral@qwiklabs-services-prod.iam.gserviceaccount.com","serviceAccount:lfs-automation@labs-for-sales-automation.iam.gserviceaccount.com","serviceAccount:qwiklabs-gcp-02-c36381b96db3@qwiklabs-gcp-02-c36381b96db3.iam.gserviceaccount.com","user:student-04-04e539a1d6c5@qwiklabs.net","user:student-04-17b8cb9957e2@qwiklabs.net","user:student-04-407422801e58@qwiklabs.net","user:student-04-5af165e6985d@qwiklabs.net","user:student-04-cd0286dbc58c@qwiklabs.net","user:student-04-f977ecb7202c@qwiklabs.net","user:student-04-fb2b77c34c9d@qwiklabs.net","user:student-04-ff9fb5ec085c@qwiklabs.net"]},{"role":"roles/run.serviceAgent","members":["serviceAccount:service-864830736036@serverless-robot-prod.iam.gserviceaccount.com"]},{"role":"roles/storage.admin","members":["serviceAccount:qwiklabs-gcp-02-c36381b96db3@qwiklabs-gcp-02-c36381b96db3.iam.gserviceaccount.com"]},{"role":"roles/storage.objectViewer","members":["serviceAccount:firebase-app-hosting-compute@qwiklabs-gcp-02-c36381b96db3.iam.gserviceaccount.com"]},{"role":"roles/viewer","members":["user:student-04-ff9fb5ec085c@qwiklabs.net"]}]}
[debug] [2026-09-19T08:05:18.255Z] Checked if tokens are valid: true, expires at: 1789806072555
[debug] [2026-09-19T08:05:18.255Z] Checked if tokens are valid: true, expires at: 1789806072555
[debug] [2026-09-19T08:05:18.255Z] >>> [apiv2][query] POST https://cloudresourcemanager.googleapis.com/v1/projects/qwiklabs-gcp-02-c36381b96db3:setIamPolicy [none]
[debug] [2026-09-19T08:05:18.255Z] >>> [apiv2][body] POST https://cloudresourcemanager.googleapis.com/v1/projects/qwiklabs-gcp-02-c36381b96db3:setIamPolicy {"policy":{"version":1,"etag":"BwZb0WwvQEA=","bindings":[{"role":"roles/bigquery.admin","members":["serviceAccount:qwiklabs-gcp-02-c36381b96db3@qwiklabs-gcp-02-c36381b96db3.iam.gserviceaccount.com"]},{"role":"roles/cloudaicompanion.serviceAgent","members":["serviceAccount:service-864830736036@gcp-sa-cloudaicompanion.iam.gserviceaccount.com"]},{"role":"roles/cloudbuild.builds.builder","members":["serviceAccount:864830736036@cloudbuild.gserviceaccount.com"]},{"role":"roles/cloudbuild.serviceAgent","members":["serviceAccount:service-864830736036@gcp-sa-cloudbuild.iam.gserviceaccount.com"]},{"role":"roles/compute.admin","members":["user:student-04-ff9fb5ec085c@qwiklabs.net"]},{"role":"roles/compute.instanceGroupManagerServiceAgent","members":["serviceAccount:864830736036@cloudservices.gserviceaccount.com"]},{"role":"roles/compute.serviceAgent","members":["serviceAccount:service-864830736036@compute-system.iam.gserviceaccount.com"]},{"role":"roles/container.serviceAgent","members":["serviceAccount:service-864830736036@container-engine-robot.iam.gserviceaccount.com"]},{"role":"roles/designcenter.serviceAgent","members":["serviceAccount:service-864830736036@gcp-sa-designcenter.iam.gserviceaccount.com"]},{"role":"roles/developerconnect.readTokenAccessor","members":["serviceAccount:firebase-app-hosting-compute@qwiklabs-gcp-02-c36381b96db3.iam.gserviceaccount.com"]},{"role":"roles/editor","members":["serviceAccount:864830736036-compute@developer.gserviceaccount.com","serviceAccount:864830736036@cloudservices.gserviceaccount.com"]},{"role":"roles/file.serviceAgent","members":["serviceAccount:service-864830736036@cloud-filer.iam.gserviceaccount.com"]},{"role":"roles/firebase.managementServiceAgent","members":["serviceAccount:service-864830736036@gcp-sa-firebase.iam.gserviceaccount.com"]},{"role":"roles/firebase.sdkAdminServiceAgent","members":["serviceAccount:firebase-app-hosting-compute@qwiklabs-gcp-02-c36381b96db3.iam.gserviceaccount.com"]},{"role":"roles/firebaseapphosting.computeRunner","members":["serviceAccount:firebase-app-hosting-compute@qwiklabs-gcp-02-c36381b96db3.iam.gserviceaccount.com"]},{"role":"roles/firebasedataconnect.serviceAgent","members":["serviceAccount:service-864830736036@gcp-sa-firebasedataconnect.iam.gserviceaccount.com"]},{"role":"roles/iam.serviceAccountTokenCreator","members":["serviceAccount:lfs-automation@labs-for-sales-automation.iam.gserviceaccount.com"]},{"role":"roles/iam.serviceAccountUser","members":["serviceAccount:lfs-automation@labs-for-sales-automation.iam.gserviceaccount.com","user:student-04-ff9fb5ec085c@qwiklabs.net"]},{"role":"roles/notebooks.serviceAgent","members":["serviceAccount:service-864830736036@gcp-sa-notebooks.iam.gserviceaccount.com"]},{"role":"roles/owner","members":["serviceAccount:864830736036-compute@developer.gserviceaccount.com","serviceAccount:admiral@qwiklabs-services-prod.iam.gserviceaccount.com","serviceAccount:lfs-automation@labs-for-sales-automation.iam.gserviceaccount.com","serviceAccount:qwiklabs-gcp-02-c36381b96db3@qwiklabs-gcp-02-c36381b96db3.iam.gserviceaccount.com","user:student-04-04e539a1d6c5@qwiklabs.net","user:student-04-17b8cb9957e2@qwiklabs.net","user:student-04-407422801e58@qwiklabs.net","user:student-04-5af165e6985d@qwiklabs.net","user:student-04-cd0286dbc58c@qwiklabs.net","user:student-04-f977ecb7202c@qwiklabs.net","user:student-04-fb2b77c34c9d@qwiklabs.net","user:student-04-ff9fb5ec085c@qwiklabs.net"]},{"role":"roles/run.serviceAgent","members":["serviceAccount:service-864830736036@serverless-robot-prod.iam.gserviceaccount.com"]},{"role":"roles/storage.admin","members":["serviceAccount:qwiklabs-gcp-02-c36381b96db3@qwiklabs-gcp-02-c36381b96db3.iam.gserviceaccount.com"]},{"role":"roles/storage.objectViewer","members":["serviceAccount:firebase-app-hosting-compute@qwiklabs-gcp-02-c36381b96db3.iam.gserviceaccount.com"]},{"role":"roles/viewer","members":["user:student-04-ff9fb5ec085c@qwiklabs.net"]}]},"updateMask":"bindings"}
[debug] [2026-09-19T08:05:19.422Z] <<< [apiv2][status] POST https://cloudresourcemanager.googleapis.com/v1/projects/qwiklabs-gcp-02-c36381b96db3:setIamPolicy 200
[debug] [2026-09-19T08:05:19.422Z] <<< [apiv2][body] POST https://cloudresourcemanager.googleapis.com/v1/projects/qwiklabs-gcp-02-c36381b96db3:setIamPolicy {"version":1,"etag":"BwZb0Xr5OXE=","bindings":[{"role":"roles/bigquery.admin","members":["serviceAccount:qwiklabs-gcp-02-c36381b96db3@qwiklabs-gcp-02-c36381b96db3.iam.gserviceaccount.com"]},{"role":"roles/cloudaicompanion.serviceAgent","members":["serviceAccount:service-864830736036@gcp-sa-cloudaicompanion.iam.gserviceaccount.com"]},{"role":"roles/cloudbuild.builds.builder","members":["serviceAccount:864830736036@cloudbuild.gserviceaccount.com"]},{"role":"roles/cloudbuild.serviceAgent","members":["serviceAccount:service-864830736036@gcp-sa-cloudbuild.iam.gserviceaccount.com"]},{"role":"roles/compute.admin","members":["user:student-04-ff9fb5ec085c@qwiklabs.net"]},{"role":"roles/compute.instanceGroupManagerServiceAgent","members":["serviceAccount:864830736036@cloudservices.gserviceaccount.com"]},{"role":"roles/compute.serviceAgent","members":["serviceAccount:service-864830736036@compute-system.iam.gserviceaccount.com"]},{"role":"roles/container.serviceAgent","members":["serviceAccount:service-864830736036@container-engine-robot.iam.gserviceaccount.com"]},{"role":"roles/designcenter.serviceAgent","members":["serviceAccount:service-864830736036@gcp-sa-designcenter.iam.gserviceaccount.com"]},{"role":"roles/developerconnect.readTokenAccessor","members":["serviceAccount:firebase-app-hosting-compute@qwiklabs-gcp-02-c36381b96db3.iam.gserviceaccount.com"]},{"role":"roles/editor","members":["serviceAccount:864830736036-compute@developer.gserviceaccount.com","serviceAccount:864830736036@cloudservices.gserviceaccount.com"]},{"role":"roles/file.serviceAgent","members":["serviceAccount:service-864830736036@cloud-filer.iam.gserviceaccount.com"]},{"role":"roles/firebase.managementServiceAgent","members":["serviceAccount:service-864830736036@gcp-sa-firebase.iam.gserviceaccount.com"]},{"role":"roles/firebase.sdkAdminServiceAgent","members":["serviceAccount:firebase-app-hosting-compute@qwiklabs-gcp-02-c36381b96db3.iam.gserviceaccount.com"]},{"role":"roles/firebaseapphosting.computeRunner","members":["serviceAccount:firebase-app-hosting-compute@qwiklabs-gcp-02-c36381b96db3.iam.gserviceaccount.com"]},{"role":"roles/firebasedataconnect.serviceAgent","members":["serviceAccount:service-864830736036@gcp-sa-firebasedataconnect.iam.gserviceaccount.com"]},{"role":"roles/iam.serviceAccountTokenCreator","members":["serviceAccount:lfs-automation@labs-for-sales-automation.iam.gserviceaccount.com"]},{"role":"roles/iam.serviceAccountUser","members":["serviceAccount:lfs-automation@labs-for-sales-automation.iam.gserviceaccount.com","user:student-04-ff9fb5ec085c@qwiklabs.net"]},{"role":"roles/notebooks.serviceAgent","members":["serviceAccount:service-864830736036@gcp-sa-notebooks.iam.gserviceaccount.com"]},{"role":"roles/owner","members":["serviceAccount:864830736036-compute@developer.gserviceaccount.com","serviceAccount:admiral@qwiklabs-services-prod.iam.gserviceaccount.com","serviceAccount:lfs-automation@labs-for-sales-automation.iam.gserviceaccount.com","serviceAccount:qwiklabs-gcp-02-c36381b96db3@qwiklabs-gcp-02-c36381b96db3.iam.gserviceaccount.com","user:student-04-04e539a1d6c5@qwiklabs.net","user:student-04-17b8cb9957e2@qwiklabs.net","user:student-04-407422801e58@qwiklabs.net","user:student-04-5af165e6985d@qwiklabs.net","user:student-04-cd0286dbc58c@qwiklabs.net","user:student-04-f977ecb7202c@qwiklabs.net","user:student-04-fb2b77c34c9d@qwiklabs.net","user:student-04-ff9fb5ec085c@qwiklabs.net"]},{"role":"roles/run.serviceAgent","members":["serviceAccount:service-864830736036@serverless-robot-prod.iam.gserviceaccount.com"]},{"role":"roles/storage.admin","members":["serviceAccount:qwiklabs-gcp-02-c36381b96db3@qwiklabs-gcp-02-c36381b96db3.iam.gserviceaccount.com"]},{"role":"roles/storage.objectViewer","members":["serviceAccount:firebase-app-hosting-compute@qwiklabs-gcp-02-c36381b96db3.iam.gserviceaccount.com"]},{"role":"roles/viewer","members":["user:student-04-ff9fb5ec085c@qwiklabs.net"]}]}
[info] i  This command links your local project to Firebase App Hosting. You will be able to deploy your web app with `firebase deploy` after setup. 
[debug] [2026-09-19T08:05:23.782Z] Checked if tokens are valid: true, expires at: 1789806072555
[debug] [2026-09-19T08:05:23.782Z] Checked if tokens are valid: true, expires at: 1789806072555
[debug] [2026-09-19T08:05:23.782Z] >>> [apiv2][query] GET https://firebaseapphosting.googleapis.com/v1beta/projects/qwiklabs-gcp-02-c36381b96db3/locations/-/backends 
[debug] [2026-09-19T08:05:25.457Z] <<< [apiv2][status] GET https://firebaseapphosting.googleapis.com/v1beta/projects/qwiklabs-gcp-02-c36381b96db3/locations/-/backends 200
[debug] [2026-09-19T08:05:25.457Z] <<< [apiv2][body] GET https://firebaseapphosting.googleapis.com/v1beta/projects/qwiklabs-gcp-02-c36381b96db3/locations/-/backends {}
